#-----------------------------------------------------------
# Vivado v2024.1 (64-bit)
# SW Build 5076996 on Wed May 22 18:36:09 MDT 2024
# IP Build 5075265 on Wed May 22 21:45:21 MDT 2024
# SharedData Build 5076995 on Wed May 22 18:29:18 MDT 2024
# Start of session at: Tue Jan 28 15:54:30 2025
# Process ID: 462807
# Current directory: /uio/hume/student-u39/lythbh/IN3160/Oblig1/Oblig1.runs/impl_1
# Command line: vivado -log first.vdi -applog -product Vivado -messageDb vivado.pb -mode batch -source first.tcl -notrace
# Log file: /uio/hume/student-u39/lythbh/IN3160/Oblig1/Oblig1.runs/impl_1/first.vdi
# Journal file: /uio/hume/student-u39/lythbh/IN3160/Oblig1/Oblig1.runs/impl_1/vivado.jou
# Running On        :galadhon.ifi.uio.no
# Platform          :unknown
# Operating System  :unknown
# Processor Detail  :Intel(R) Core(TM) i5-14500
# CPU Frequency     :2600.000 MHz
# CPU Physical cores:14
# CPU Logical cores :20
# Host memory       :32984 MB
# Swap memory       :10737 MB
# Total Virtual     :43722 MB
# Available Virtual :35537 MB
#-----------------------------------------------------------
source first.tcl -notrace
