#-----------------------------------------------------------
# Vivado v2024.1 (64-bit)
# SW Build 5076996 on Wed May 22 18:36:09 MDT 2024
# IP Build 5075265 on Wed May 22 21:45:21 MDT 2024
# SharedData Build 5076995 on Wed May 22 18:29:18 MDT 2024
# Start of session at: Tue Apr  8 17:37:20 2025
# Process ID: 202808
# Current directory: /uio/hume/student-u39/lythbh/IN3160/Oblig8/VIVADO_Oblig8/VIVADO_Oblig8.runs/impl_1
# Command line: vivado -log system.vdi -applog -product Vivado -messageDb vivado.pb -mode batch -source system.tcl -notrace
# Log file: /uio/hume/student-u39/lythbh/IN3160/Oblig8/VIVADO_Oblig8/VIVADO_Oblig8.runs/impl_1/system.vdi
# Journal file: /uio/hume/student-u39/lythbh/IN3160/Oblig8/VIVADO_Oblig8/VIVADO_Oblig8.runs/impl_1/vivado.jou
# Running On        :gimli.ifi.uio.no
# Platform          :unknown
# Operating System  :unknown
# Processor Detail  :Intel(R) Core(TM) i5-14500
# CPU Frequency     :941.817 MHz
# CPU Physical cores:14
# CPU Logical cores :20
# Host memory       :32983 MB
# Swap memory       :10737 MB
# Total Virtual     :43721 MB
# Available Virtual :36888 MB
#-----------------------------------------------------------
source system.tcl -notrace
