#-----------------------------------------------------------
# Vivado v2024.1 (64-bit)
# SW Build 5076996 on Wed May 22 18:36:09 MDT 2024
# IP Build 5075265 on Wed May 22 21:45:21 MDT 2024
# SharedData Build 5076995 on Wed May 22 18:29:18 MDT 2024
# Start of session at: Tue Jan 28 15:53:54 2025
# Process ID: 462593
# Current directory: /uio/hume/student-u39/lythbh/IN3160/Oblig1/Oblig1.runs/synth_1
# Command line: vivado -log first.vds -product Vivado -mode batch -messageDb vivado.pb -notrace -source first.tcl
# Log file: /uio/hume/student-u39/lythbh/IN3160/Oblig1/Oblig1.runs/synth_1/first.vds
# Journal file: /uio/hume/student-u39/lythbh/IN3160/Oblig1/Oblig1.runs/synth_1/vivado.jou
# Running On        :galadhon.ifi.uio.no
# Platform          :unknown
# Operating System  :unknown
# Processor Detail  :Intel(R) Core(TM) i5-14500
# CPU Frequency     :950.727 MHz
# CPU Physical cores:14
# CPU Logical cores :20
# Host memory       :32984 MB
# Swap memory       :10737 MB
# Total Virtual     :43722 MB
# Available Virtual :35540 MB
#-----------------------------------------------------------
source first.tcl -notrace
